// Jest Snapshot v1, https://goo.gl/fbAQLP

exports[`Carousel mobile renders correctly 1`] = `
Object {
  "asFragment": [Function],
  "baseElement": <body>
    <div>
      <section
        aria-labelledby="more-from-axios.com"
        class="layout__Layout-sc-dk2r91-0 iOMSKZ"
        role="region"
      >
        <div
          class="layout__Header-sc-dk2r91-1 hVzmFM"
        >
          <h1
            class="title__Title-sc-4tewmb-0 hmzhFN"
            id="more-from-axios.com"
            role="heading"
          >
            More from Axios.com
          </h1>
        </div>
        <div
          class="layout__Main-sc-dk2r91-4 ldeybd"
        >
          <div
            class="styles__Container-sc-1i6udep-0 cNOwNa"
          >
            <ul
              class="styles__Inner-sc-1i6udep-1 gpSiRu"
              style="transform: translateX(-0px);"
            >
              <li
                class="styles__Item-sc-1i6udep-2 cBNqvt"
                style="width: 0px;"
              >
                <article
                  class="styles__Article-sc-1usmi26-0 cskEZU"
                >
                  <a
                    aria-label="Scholz: Russia should not set terms of peace deal with Ukraine"
                    class="styles__Link-sc-1usmi26-5 fKtgbW"
                    href="https://www.axios.com/2022/05/08/scholz-russia-should-not-set-terms-peace"
                    rel="noopener noreferrer"
                    target="_blank"
                  >
                    <div
                      style="display: block; overflow: hidden; position: relative; box-sizing: border-box; margin: 0px;"
                    >
                      <div
                        style="display: block; box-sizing: border-box; padding-top: 56.25%;"
                      />
                      <noscript />
                      <img
                        alt=""
                        data-nimg="true"
                        decoding="async"
                        draggable="false"
                        src="data:image/gif;base64,R0lGODlhAQABAIAAAAAAAP///yH5BAEAAAAALAAAAAABAAEAAAIBRAA7"
                        style="position: absolute; top: 0px; left: 0px; bottom: 0px; right: 0px; box-sizing: border-box; padding: 0px; margin: auto; display: block; width: 0px; height: 0px; min-width: 100%; max-width: 100%; min-height: 100%; max-height: 100%;"
                      />
                    </div>
                  </a>
                  <div
                    class="styles__Body-sc-1usmi26-6"
                    style="margin-top: 12px;"
                  >
                    <a
                      class="styles__Link-sc-1usmi26-5 fKtgbW"
                      href="https://www.axios.com/2022/05/08/scholz-russia-should-not-set-terms-peace"
                      rel="noopener noreferrer"
                      target="_blank"
                    >
                      <h3
                        class="styles__Headline-sc-1usmi26-1 iaRGWu"
                      >
                        Scholz: Russia should not set terms of peace deal with Ukraine
                      </h3>
                    </a>
                  </div>
                  <div
                    class="styles__Footer-sc-1usmi26-4 inMTjq"
                    style="margin-top: 12px;"
                  >
                    <p
                      class="styles__Date-sc-1usmi26-3 gOhYhq"
                      style="font-size: 12px;"
                    >
                      May 8, 2022
                       - Russian invasion of Ukraine
                    </p>
                  </div>
                </article>
              </li>
              <li
                class="styles__Item-sc-1i6udep-2 cBNqvt"
                style="width: 0px;"
              >
                <article
                  class="styles__Article-sc-1usmi26-0 cskEZU"
                >
                  <a
                    aria-label="Michigan AG says she wouldn't enforce \\"draconian\\" 1931 abortion ban"
                    class="styles__Link-sc-1usmi26-5 fKtgbW"
                    href="https://www.axios.com/2022/05/08/michigan-abortion-ban-1931-draconian"
                    rel="noopener noreferrer"
                    target="_blank"
                  >
                    <div
                      class="placeholderImage__Placeholder-sc-1hkwnln-0 cUczOB"
                    />
                  </a>
                  <div
                    class="styles__Body-sc-1usmi26-6"
                    style="margin-top: 12px;"
                  >
                    <a
                      class="styles__Link-sc-1usmi26-5 fKtgbW"
                      href="https://www.axios.com/2022/05/08/michigan-abortion-ban-1931-draconian"
                      rel="noopener noreferrer"
                      target="_blank"
                    >
                      <h3
                        class="styles__Headline-sc-1usmi26-1 iaRGWu"
                      >
                        Michigan AG says she wouldn't enforce "draconian" 1931 abortion ban
                      </h3>
                    </a>
                  </div>
                  <div
                    class="styles__Footer-sc-1usmi26-4 inMTjq"
                    style="margin-top: 12px;"
                  >
                    <p
                      class="styles__Date-sc-1usmi26-3 gOhYhq"
                      style="font-size: 12px;"
                    >
                      May 8, 2022
                       - Abortion-rights movement
                    </p>
                  </div>
                </article>
              </li>
              <li
                class="styles__Item-sc-1i6udep-2 cBNqvt"
                style="width: 0px;"
              >
                <article
                  class="styles__Article-sc-1usmi26-0 cskEZU"
                >
                  <a
                    aria-label="Axios Finish Line: Lessons from moms around the country — and world"
                    class="styles__Link-sc-1usmi26-5 fKtgbW"
                    href="https://www.axios.com/2022/05/08/axios-finish-line-lessons-from-moms-around-the-country-and-world"
                    rel="noopener noreferrer"
                    target="_blank"
                  >
                    <div
                      style="display: block; overflow: hidden; position: relative; box-sizing: border-box; margin: 0px;"
                    >
                      <div
                        style="display: block; box-sizing: border-box; padding-top: 56.25%;"
                      />
                      <noscript />
                      <img
                        alt="Animated gif of the word \\"Mom\\" being written, but the Ms are made out of the Axios logo."
                        data-nimg="true"
                        decoding="async"
                        draggable="false"
                        src="data:image/gif;base64,R0lGODlhAQABAIAAAAAAAP///yH5BAEAAAAALAAAAAABAAEAAAIBRAA7"
                        style="position: absolute; top: 0px; left: 0px; bottom: 0px; right: 0px; box-sizing: border-box; padding: 0px; margin: auto; display: block; width: 0px; height: 0px; min-width: 100%; max-width: 100%; min-height: 100%; max-height: 100%;"
                      />
                    </div>
                  </a>
                  <div
                    class="styles__Body-sc-1usmi26-6"
                    style="margin-top: 12px;"
                  >
                    <a
                      class="styles__Link-sc-1usmi26-5 fKtgbW"
                      href="https://www.axios.com/2022/05/08/axios-finish-line-lessons-from-moms-around-the-country-and-world"
                      rel="noopener noreferrer"
                      target="_blank"
                    >
                      <h3
                        class="styles__Headline-sc-1usmi26-1 iaRGWu"
                      >
                        Axios Finish Line: Lessons from moms around the country — and world
                      </h3>
                    </a>
                  </div>
                  <div
                    class="styles__Footer-sc-1usmi26-4 inMTjq"
                    style="margin-top: 12px;"
                  >
                    <p
                      class="styles__Date-sc-1usmi26-3 gOhYhq"
                      style="font-size: 12px;"
                    >
                      May 8, 2022
                       - Motherhood
                    </p>
                  </div>
                </article>
              </li>
              <li
                class="styles__Item-sc-1i6udep-2 cBNqvt"
                style="width: 0px;"
              >
                <article
                  class="styles__Article-sc-1usmi26-0 cskEZU"
                >
                  <a
                    aria-label="Poll: Roe supporters view possible overturn as a danger to women"
                    class="styles__Link-sc-1usmi26-5 fKtgbW"
                    href="https://www.axios.com/2022/05/08/abortion-poll-roe-wade"
                    rel="noopener noreferrer"
                    target="_blank"
                  >
                    <div
                      style="display: block; overflow: hidden; position: relative; box-sizing: border-box; margin: 0px;"
                    >
                      <div
                        style="display: block; box-sizing: border-box; padding-top: 56.25%;"
                      />
                      <noscript />
                      <img
                        alt=""
                        data-nimg="true"
                        decoding="async"
                        draggable="false"
                        src="data:image/gif;base64,R0lGODlhAQABAIAAAAAAAP///yH5BAEAAAAALAAAAAABAAEAAAIBRAA7"
                        style="position: absolute; top: 0px; left: 0px; bottom: 0px; right: 0px; box-sizing: border-box; padding: 0px; margin: auto; display: block; width: 0px; height: 0px; min-width: 100%; max-width: 100%; min-height: 100%; max-height: 100%;"
                      />
                    </div>
                  </a>
                  <div
                    class="styles__Body-sc-1usmi26-6"
                    style="margin-top: 12px;"
                  >
                    <a
                      class="styles__Link-sc-1usmi26-5 fKtgbW"
                      href="https://www.axios.com/2022/05/08/abortion-poll-roe-wade"
                      rel="noopener noreferrer"
                      target="_blank"
                    >
                      <h3
                        class="styles__Headline-sc-1usmi26-1 iaRGWu"
                      >
                        Poll: Roe supporters view possible overturn as a danger to women
                      </h3>
                    </a>
                  </div>
                  <div
                    class="styles__Footer-sc-1usmi26-4 inMTjq"
                    style="margin-top: 12px;"
                  >
                    <p
                      class="styles__Date-sc-1usmi26-3 gOhYhq"
                      style="font-size: 12px;"
                    >
                      May 8, 2022
                       - Abortion
                    </p>
                  </div>
                </article>
              </li>
              <li
                class="styles__Item-sc-1i6udep-2 cBNqvt"
                style="width: 0px;"
              >
                <article
                  class="styles__Article-sc-1usmi26-0 cskEZU"
                >
                  <a
                    aria-label="Western allies unveil new Russia sanctions on V-E Day"
                    class="styles__Link-sc-1usmi26-5 fKtgbW"
                    href="https://www.axios.com/2022/05/08/russia-sanctions-ukraine-victory-day"
                    rel="noopener noreferrer"
                    target="_blank"
                  >
                    <div
                      style="display: block; overflow: hidden; position: relative; box-sizing: border-box; margin: 0px;"
                    >
                      <div
                        style="display: block; box-sizing: border-box; padding-top: 56.25%;"
                      />
                      <noscript />
                      <img
                        alt="Putin"
                        data-nimg="true"
                        decoding="async"
                        draggable="false"
                        src="data:image/gif;base64,R0lGODlhAQABAIAAAAAAAP///yH5BAEAAAAALAAAAAABAAEAAAIBRAA7"
                        style="position: absolute; top: 0px; left: 0px; bottom: 0px; right: 0px; box-sizing: border-box; padding: 0px; margin: auto; display: block; width: 0px; height: 0px; min-width: 100%; max-width: 100%; min-height: 100%; max-height: 100%;"
                      />
                    </div>
                  </a>
                  <div
                    class="styles__Body-sc-1usmi26-6"
                    style="margin-top: 12px;"
                  >
                    <a
                      class="styles__Link-sc-1usmi26-5 fKtgbW"
                      href="https://www.axios.com/2022/05/08/russia-sanctions-ukraine-victory-day"
                      rel="noopener noreferrer"
                      target="_blank"
                    >
                      <h3
                        class="styles__Headline-sc-1usmi26-1 iaRGWu"
                      >
                        Western allies unveil new Russia sanctions on V-E Day
                      </h3>
                    </a>
                  </div>
                  <div
                    class="styles__Footer-sc-1usmi26-4 inMTjq"
                    style="margin-top: 12px;"
                  >
                    <p
                      class="styles__Date-sc-1usmi26-3 gOhYhq"
                      style="font-size: 12px;"
                    >
                      May 8, 2022
                       - Russian invasion of Ukraine
                    </p>
                  </div>
                </article>
              </li>
              <li
                class="styles__Item-sc-1i6udep-2 cBNqvt"
                style="width: 0px;"
              >
                <article
                  class="styles__Article-sc-1usmi26-0 cskEZU"
                >
                  <a
                    aria-label="Abortion challenges Corporate America's political activism"
                    class="styles__Link-sc-1usmi26-5 fKtgbW"
                    href="https://www.axios.com/2022/05/04/abortion-corporate-america-political-activism"
                    rel="noopener noreferrer"
                    target="_blank"
                  >
                    <div
                      style="display: block; overflow: hidden; position: relative; box-sizing: border-box; margin: 0px;"
                    >
                      <div
                        style="display: block; box-sizing: border-box; padding-top: 56.25%;"
                      />
                      <noscript />
                      <img
                        alt=""
                        data-nimg="true"
                        decoding="async"
                        draggable="false"
                        src="data:image/gif;base64,R0lGODlhAQABAIAAAAAAAP///yH5BAEAAAAALAAAAAABAAEAAAIBRAA7"
                        style="position: absolute; top: 0px; left: 0px; bottom: 0px; right: 0px; box-sizing: border-box; padding: 0px; margin: auto; display: block; width: 0px; height: 0px; min-width: 100%; max-width: 100%; min-height: 100%; max-height: 100%;"
                      />
                    </div>
                  </a>
                  <div
                    class="styles__Body-sc-1usmi26-6"
                    style="margin-top: 12px;"
                  >
                    <a
                      class="styles__Link-sc-1usmi26-5 fKtgbW"
                      href="https://www.axios.com/2022/05/04/abortion-corporate-america-political-activism"
                      rel="noopener noreferrer"
                      target="_blank"
                    >
                      <h3
                        class="styles__Headline-sc-1usmi26-1 iaRGWu"
                      >
                        Abortion challenges Corporate America's political activism
                      </h3>
                    </a>
                  </div>
                  <div
                    class="styles__Footer-sc-1usmi26-4 inMTjq"
                    style="margin-top: 12px;"
                  >
                    <p
                      class="styles__Date-sc-1usmi26-3 gOhYhq"
                      style="font-size: 12px;"
                    >
                      May 8, 2022
                       - Abortion
                    </p>
                  </div>
                </article>
              </li>
              <li
                class="styles__Item-sc-1i6udep-2 cBNqvt"
                style="width: 0px;"
              >
                <article
                  class="styles__Article-sc-1usmi26-0 cskEZU"
                >
                  <a
                    aria-label="COVID-19 dashboard"
                    class="styles__Link-sc-1usmi26-5 fKtgbW"
                    href="https://www.axios.com/2020/03/15/coronavirus-latest-news-quick-highlights"
                    rel="noopener noreferrer"
                    target="_blank"
                  >
                    <div
                      style="display: block; overflow: hidden; position: relative; box-sizing: border-box; margin: 0px;"
                    >
                      <div
                        style="display: block; box-sizing: border-box; padding-top: 56.25%;"
                      />
                      <noscript />
                      <img
                        alt="Illustration of a face mask lined at the top and bottom with caution tape."
                        data-nimg="true"
                        decoding="async"
                        draggable="false"
                        src="data:image/gif;base64,R0lGODlhAQABAIAAAAAAAP///yH5BAEAAAAALAAAAAABAAEAAAIBRAA7"
                        style="position: absolute; top: 0px; left: 0px; bottom: 0px; right: 0px; box-sizing: border-box; padding: 0px; margin: auto; display: block; width: 0px; height: 0px; min-width: 100%; max-width: 100%; min-height: 100%; max-height: 100%;"
                      />
                    </div>
                  </a>
                  <div
                    class="styles__Body-sc-1usmi26-6"
                    style="margin-top: 12px;"
                  >
                    <a
                      class="styles__Link-sc-1usmi26-5 fKtgbW"
                      href="https://www.axios.com/2020/03/15/coronavirus-latest-news-quick-highlights"
                      rel="noopener noreferrer"
                      target="_blank"
                    >
                      <h3
                        class="styles__Headline-sc-1usmi26-1 iaRGWu"
                      >
                        COVID-19 dashboard
                      </h3>
                    </a>
                  </div>
                  <div
                    class="styles__Footer-sc-1usmi26-4 inMTjq"
                    style="margin-top: 12px;"
                  >
                    <p
                      class="styles__Date-sc-1usmi26-3 gOhYhq"
                      style="font-size: 12px;"
                    >
                      May 7, 2022
                       - Coronavirus
                    </p>
                  </div>
                </article>
              </li>
              <li
                class="styles__Item-sc-1i6udep-2 cBNqvt"
                style="width: 0px;"
              >
                <article
                  class="styles__Article-sc-1usmi26-0 cskEZU"
                >
                  <a
                    aria-label="Dashboard: Russian invasion of Ukraine"
                    class="styles__Link-sc-1usmi26-5 fKtgbW"
                    href="https://www.axios.com/2022/02/22/russia-ukraine-invasion-putin-live-updates"
                    rel="noopener noreferrer"
                    target="_blank"
                  >
                    <div
                      style="display: block; overflow: hidden; position: relative; box-sizing: border-box; margin: 0px;"
                    >
                      <div
                        style="display: block; box-sizing: border-box; padding-top: 56.25%;"
                      />
                      <noscript />
                      <img
                        alt=""
                        data-nimg="true"
                        decoding="async"
                        draggable="false"
                        src="data:image/gif;base64,R0lGODlhAQABAIAAAAAAAP///yH5BAEAAAAALAAAAAABAAEAAAIBRAA7"
                        style="position: absolute; top: 0px; left: 0px; bottom: 0px; right: 0px; box-sizing: border-box; padding: 0px; margin: auto; display: block; width: 0px; height: 0px; min-width: 100%; max-width: 100%; min-height: 100%; max-height: 100%;"
                      />
                    </div>
                  </a>
                  <div
                    class="styles__Body-sc-1usmi26-6"
                    style="margin-top: 12px;"
                  >
                    <a
                      class="styles__Link-sc-1usmi26-5 fKtgbW"
                      href="https://www.axios.com/2022/02/22/russia-ukraine-invasion-putin-live-updates"
                      rel="noopener noreferrer"
                      target="_blank"
                    >
                      <h3
                        class="styles__Headline-sc-1usmi26-1 iaRGWu"
                      >
                        Dashboard: Russian invasion of Ukraine
                      </h3>
                    </a>
                  </div>
                  <div
                    class="styles__Footer-sc-1usmi26-4 inMTjq"
                    style="margin-top: 12px;"
                  >
                    <p
                      class="styles__Date-sc-1usmi26-3 gOhYhq"
                      style="font-size: 12px;"
                    >
                      May 8, 2022
                       - Russian invasion of Ukraine
                    </p>
                  </div>
                </article>
              </li>
              <li
                class="styles__Item-sc-1i6udep-2 cBNqvt"
                style="width: 0px;"
              >
                <article
                  class="styles__Article-sc-1usmi26-0 cskEZU"
                >
                  <a
                    aria-label="U.S. diplomats temporarily return to Kyiv"
                    class="styles__Link-sc-1usmi26-5 fKtgbW"
                    href="https://www.axios.com/2022/05/08/us-diplomats-return-kyiv"
                    rel="noopener noreferrer"
                    target="_blank"
                  >
                    <div
                      style="display: block; overflow: hidden; position: relative; box-sizing: border-box; margin: 0px;"
                    >
                      <div
                        style="display: block; box-sizing: border-box; padding-top: 56.25%;"
                      />
                      <noscript />
                      <img
                        alt=""
                        data-nimg="true"
                        decoding="async"
                        draggable="false"
                        src="data:image/gif;base64,R0lGODlhAQABAIAAAAAAAP///yH5BAEAAAAALAAAAAABAAEAAAIBRAA7"
                        style="position: absolute; top: 0px; left: 0px; bottom: 0px; right: 0px; box-sizing: border-box; padding: 0px; margin: auto; display: block; width: 0px; height: 0px; min-width: 100%; max-width: 100%; min-height: 100%; max-height: 100%;"
                      />
                    </div>
                  </a>
                  <div
                    class="styles__Body-sc-1usmi26-6"
                    style="margin-top: 12px;"
                  >
                    <a
                      class="styles__Link-sc-1usmi26-5 fKtgbW"
                      href="https://www.axios.com/2022/05/08/us-diplomats-return-kyiv"
                      rel="noopener noreferrer"
                      target="_blank"
                    >
                      <h3
                        class="styles__Headline-sc-1usmi26-1 iaRGWu"
                      >
                        U.S. diplomats temporarily return to Kyiv
                      </h3>
                    </a>
                  </div>
                  <div
                    class="styles__Footer-sc-1usmi26-4 inMTjq"
                    style="margin-top: 12px;"
                  >
                    <p
                      class="styles__Date-sc-1usmi26-3 gOhYhq"
                      style="font-size: 12px;"
                    >
                      May 8, 2022
                       - Russian invasion of Ukraine
                    </p>
                  </div>
                </article>
              </li>
            </ul>
          </div>
        </div>
        <div
          class="layout__Footer-sc-dk2r91-5 kNtxGi"
        >
          <ol
            class="styles__IndicatorList-sc-1i6udep-3 jbDMce"
          >
            <li>
              <button
                aria-label="page 1"
                aria-selected="true"
                class="dotButton__Button-sc-1yvic4q-0 gRgdjp"
              >
                <div
                  class="dotButton__Icon-sc-1yvic4q-1 dSDUAC"
                />
              </button>
            </li>
            <li>
              <button
                aria-label="page 2"
                aria-selected="false"
                class="dotButton__Button-sc-1yvic4q-0 gRgdjp"
              >
                <div
                  class="dotButton__Icon-sc-1yvic4q-1 fsUmOf"
                />
              </button>
            </li>
            <li>
              <button
                aria-label="page 3"
                aria-selected="false"
                class="dotButton__Button-sc-1yvic4q-0 gRgdjp"
              >
                <div
                  class="dotButton__Icon-sc-1yvic4q-1 fsUmOf"
                />
              </button>
            </li>
            <li>
              <button
                aria-label="page 4"
                aria-selected="false"
                class="dotButton__Button-sc-1yvic4q-0 gRgdjp"
              >
                <div
                  class="dotButton__Icon-sc-1yvic4q-1 fsUmOf"
                />
              </button>
            </li>
            <li>
              <button
                aria-label="page 5"
                aria-selected="false"
                class="dotButton__Button-sc-1yvic4q-0 gRgdjp"
              >
                <div
                  class="dotButton__Icon-sc-1yvic4q-1 fsUmOf"
                />
              </button>
            </li>
            <li>
              <button
                aria-label="page 6"
                aria-selected="false"
                class="dotButton__Button-sc-1yvic4q-0 gRgdjp"
              >
                <div
                  class="dotButton__Icon-sc-1yvic4q-1 fsUmOf"
                />
              </button>
            </li>
            <li>
              <button
                aria-label="page 7"
                aria-selected="false"
                class="dotButton__Button-sc-1yvic4q-0 gRgdjp"
              >
                <div
                  class="dotButton__Icon-sc-1yvic4q-1 fsUmOf"
                />
              </button>
            </li>
            <li>
              <button
                aria-label="page 8"
                aria-selected="false"
                class="dotButton__Button-sc-1yvic4q-0 gRgdjp"
              >
                <div
                  class="dotButton__Icon-sc-1yvic4q-1 fsUmOf"
                />
              </button>
            </li>
            <li>
              <button
                aria-label="page 9"
                aria-selected="false"
                class="dotButton__Button-sc-1yvic4q-0 gRgdjp"
              >
                <div
                  class="dotButton__Icon-sc-1yvic4q-1 fsUmOf"
                />
              </button>
            </li>
          </ol>
          <a
            aria-label="Visit axios.com"
            class="arrowLink__Link-sc-12nvdh3-0 iJFRdI"
            color="white"
            href="https://www.axios.com"
            rel="noopener noreferrer"
            style="background: rgb(34, 87, 218); padding: 11px 17px; border-radius: 6px;"
            target="_blank"
          >
            Visit axios.com
            <svg
              fill="none"
              height="9"
              style="margin-left: 12px;"
              viewBox="0 0 25 9"
              width="25"
              xmlns="http://www.w3.org/2000/svg"
            >
              <path
                d="M24.3536 4.85355C24.5488 4.65829 24.5488 4.34171 24.3536 4.14645L21.1716 0.964466C20.9763 0.769204 20.6597 0.769204 20.4645 0.964466C20.2692 1.15973 20.2692 1.47631 20.4645 1.67157L23.2929 4.5L20.4645 7.32843C20.2692 7.52369 20.2692 7.84027 20.4645 8.03553C20.6597 8.2308 20.9763 8.2308 21.1716 8.03553L24.3536 4.85355ZM0 5H24V4H0V5Z"
                fill="white"
              />
            </svg>
          </a>
        </div>
      </section>
    </div>
  </body>,
  "container": <div>
    <section
      aria-labelledby="more-from-axios.com"
      class="layout__Layout-sc-dk2r91-0 iOMSKZ"
      role="region"
    >
      <div
        class="layout__Header-sc-dk2r91-1 hVzmFM"
      >
        <h1
          class="title__Title-sc-4tewmb-0 hmzhFN"
          id="more-from-axios.com"
          role="heading"
        >
          More from Axios.com
        </h1>
      </div>
      <div
        class="layout__Main-sc-dk2r91-4 ldeybd"
      >
        <div
          class="styles__Container-sc-1i6udep-0 cNOwNa"
        >
          <ul
            class="styles__Inner-sc-1i6udep-1 gpSiRu"
            style="transform: translateX(-0px);"
          >
            <li
              class="styles__Item-sc-1i6udep-2 cBNqvt"
              style="width: 0px;"
            >
              <article
                class="styles__Article-sc-1usmi26-0 cskEZU"
              >
                <a
                  aria-label="Scholz: Russia should not set terms of peace deal with Ukraine"
                  class="styles__Link-sc-1usmi26-5 fKtgbW"
                  href="https://www.axios.com/2022/05/08/scholz-russia-should-not-set-terms-peace"
                  rel="noopener noreferrer"
                  target="_blank"
                >
                  <div
                    style="display: block; overflow: hidden; position: relative; box-sizing: border-box; margin: 0px;"
                  >
                    <div
                      style="display: block; box-sizing: border-box; padding-top: 56.25%;"
                    />
                    <noscript />
                    <img
                      alt=""
                      data-nimg="true"
                      decoding="async"
                      draggable="false"
                      src="data:image/gif;base64,R0lGODlhAQABAIAAAAAAAP///yH5BAEAAAAALAAAAAABAAEAAAIBRAA7"
                      style="position: absolute; top: 0px; left: 0px; bottom: 0px; right: 0px; box-sizing: border-box; padding: 0px; margin: auto; display: block; width: 0px; height: 0px; min-width: 100%; max-width: 100%; min-height: 100%; max-height: 100%;"
                    />
                  </div>
                </a>
                <div
                  class="styles__Body-sc-1usmi26-6"
                  style="margin-top: 12px;"
                >
                  <a
                    class="styles__Link-sc-1usmi26-5 fKtgbW"
                    href="https://www.axios.com/2022/05/08/scholz-russia-should-not-set-terms-peace"
                    rel="noopener noreferrer"
                    target="_blank"
                  >
                    <h3
                      class="styles__Headline-sc-1usmi26-1 iaRGWu"
                    >
                      Scholz: Russia should not set terms of peace deal with Ukraine
                    </h3>
                  </a>
                </div>
                <div
                  class="styles__Footer-sc-1usmi26-4 inMTjq"
                  style="margin-top: 12px;"
                >
                  <p
                    class="styles__Date-sc-1usmi26-3 gOhYhq"
                    style="font-size: 12px;"
                  >
                    May 8, 2022
                     - Russian invasion of Ukraine
                  </p>
                </div>
              </article>
            </li>
            <li
              class="styles__Item-sc-1i6udep-2 cBNqvt"
              style="width: 0px;"
            >
              <article
                class="styles__Article-sc-1usmi26-0 cskEZU"
              >
                <a
                  aria-label="Michigan AG says she wouldn't enforce \\"draconian\\" 1931 abortion ban"
                  class="styles__Link-sc-1usmi26-5 fKtgbW"
                  href="https://www.axios.com/2022/05/08/michigan-abortion-ban-1931-draconian"
                  rel="noopener noreferrer"
                  target="_blank"
                >
                  <div
                    class="placeholderImage__Placeholder-sc-1hkwnln-0 cUczOB"
                  />
                </a>
                <div
                  class="styles__Body-sc-1usmi26-6"
                  style="margin-top: 12px;"
                >
                  <a
                    class="styles__Link-sc-1usmi26-5 fKtgbW"
                    href="https://www.axios.com/2022/05/08/michigan-abortion-ban-1931-draconian"
                    rel="noopener noreferrer"
                    target="_blank"
                  >
                    <h3
                      class="styles__Headline-sc-1usmi26-1 iaRGWu"
                    >
                      Michigan AG says she wouldn't enforce "draconian" 1931 abortion ban
                    </h3>
                  </a>
                </div>
                <div
                  class="styles__Footer-sc-1usmi26-4 inMTjq"
                  style="margin-top: 12px;"
                >
                  <p
                    class="styles__Date-sc-1usmi26-3 gOhYhq"
                    style="font-size: 12px;"
                  >
                    May 8, 2022
                     - Abortion-rights movement
                  </p>
                </div>
              </article>
            </li>
            <li
              class="styles__Item-sc-1i6udep-2 cBNqvt"
              style="width: 0px;"
            >
              <article
                class="styles__Article-sc-1usmi26-0 cskEZU"
              >
                <a
                  aria-label="Axios Finish Line: Lessons from moms around the country — and world"
                  class="styles__Link-sc-1usmi26-5 fKtgbW"
                  href="https://www.axios.com/2022/05/08/axios-finish-line-lessons-from-moms-around-the-country-and-world"
                  rel="noopener noreferrer"
                  target="_blank"
                >
                  <div
                    style="display: block; overflow: hidden; position: relative; box-sizing: border-box; margin: 0px;"
                  >
                    <div
                      style="display: block; box-sizing: border-box; padding-top: 56.25%;"
                    />
                    <noscript />
                    <img
                      alt="Animated gif of the word \\"Mom\\" being written, but the Ms are made out of the Axios logo."
                      data-nimg="true"
                      decoding="async"
                      draggable="false"
                      src="data:image/gif;base64,R0lGODlhAQABAIAAAAAAAP///yH5BAEAAAAALAAAAAABAAEAAAIBRAA7"
                      style="position: absolute; top: 0px; left: 0px; bottom: 0px; right: 0px; box-sizing: border-box; padding: 0px; margin: auto; display: block; width: 0px; height: 0px; min-width: 100%; max-width: 100%; min-height: 100%; max-height: 100%;"
                    />
                  </div>
                </a>
                <div
                  class="styles__Body-sc-1usmi26-6"
                  style="margin-top: 12px;"
                >
                  <a
                    class="styles__Link-sc-1usmi26-5 fKtgbW"
                    href="https://www.axios.com/2022/05/08/axios-finish-line-lessons-from-moms-around-the-country-and-world"
                    rel="noopener noreferrer"
                    target="_blank"
                  >
                    <h3
                      class="styles__Headline-sc-1usmi26-1 iaRGWu"
                    >
                      Axios Finish Line: Lessons from moms around the country — and world
                    </h3>
                  </a>
                </div>
                <div
                  class="styles__Footer-sc-1usmi26-4 inMTjq"
                  style="margin-top: 12px;"
                >
                  <p
                    class="styles__Date-sc-1usmi26-3 gOhYhq"
                    style="font-size: 12px;"
                  >
                    May 8, 2022
                     - Motherhood
                  </p>
                </div>
              </article>
            </li>
            <li
              class="styles__Item-sc-1i6udep-2 cBNqvt"
              style="width: 0px;"
            >
              <article
                class="styles__Article-sc-1usmi26-0 cskEZU"
              >
                <a
                  aria-label="Poll: Roe supporters view possible overturn as a danger to women"
                  class="styles__Link-sc-1usmi26-5 fKtgbW"
                  href="https://www.axios.com/2022/05/08/abortion-poll-roe-wade"
                  rel="noopener noreferrer"
                  target="_blank"
                >
                  <div
                    style="display: block; overflow: hidden; position: relative; box-sizing: border-box; margin: 0px;"
                  >
                    <div
                      style="display: block; box-sizing: border-box; padding-top: 56.25%;"
                    />
                    <noscript />
                    <img
                      alt=""
                      data-nimg="true"
                      decoding="async"
                      draggable="false"
                      src="data:image/gif;base64,R0lGODlhAQABAIAAAAAAAP///yH5BAEAAAAALAAAAAABAAEAAAIBRAA7"
                      style="position: absolute; top: 0px; left: 0px; bottom: 0px; right: 0px; box-sizing: border-box; padding: 0px; margin: auto; display: block; width: 0px; height: 0px; min-width: 100%; max-width: 100%; min-height: 100%; max-height: 100%;"
                    />
                  </div>
                </a>
                <div
                  class="styles__Body-sc-1usmi26-6"
                  style="margin-top: 12px;"
                >
                  <a
                    class="styles__Link-sc-1usmi26-5 fKtgbW"
                    href="https://www.axios.com/2022/05/08/abortion-poll-roe-wade"
                    rel="noopener noreferrer"
                    target="_blank"
                  >
                    <h3
                      class="styles__Headline-sc-1usmi26-1 iaRGWu"
                    >
                      Poll: Roe supporters view possible overturn as a danger to women
                    </h3>
                  </a>
                </div>
                <div
                  class="styles__Footer-sc-1usmi26-4 inMTjq"
                  style="margin-top: 12px;"
                >
                  <p
                    class="styles__Date-sc-1usmi26-3 gOhYhq"
                    style="font-size: 12px;"
                  >
                    May 8, 2022
                     - Abortion
                  </p>
                </div>
              </article>
            </li>
            <li
              class="styles__Item-sc-1i6udep-2 cBNqvt"
              style="width: 0px;"
            >
              <article
                class="styles__Article-sc-1usmi26-0 cskEZU"
              >
                <a
                  aria-label="Western allies unveil new Russia sanctions on V-E Day"
                  class="styles__Link-sc-1usmi26-5 fKtgbW"
                  href="https://www.axios.com/2022/05/08/russia-sanctions-ukraine-victory-day"
                  rel="noopener noreferrer"
                  target="_blank"
                >
                  <div
                    style="display: block; overflow: hidden; position: relative; box-sizing: border-box; margin: 0px;"
                  >
                    <div
                      style="display: block; box-sizing: border-box; padding-top: 56.25%;"
                    />
                    <noscript />
                    <img
                      alt="Putin"
                      data-nimg="true"
                      decoding="async"
                      draggable="false"
                      src="data:image/gif;base64,R0lGODlhAQABAIAAAAAAAP///yH5BAEAAAAALAAAAAABAAEAAAIBRAA7"
                      style="position: absolute; top: 0px; left: 0px; bottom: 0px; right: 0px; box-sizing: border-box; padding: 0px; margin: auto; display: block; width: 0px; height: 0px; min-width: 100%; max-width: 100%; min-height: 100%; max-height: 100%;"
                    />
                  </div>
                </a>
                <div
                  class="styles__Body-sc-1usmi26-6"
                  style="margin-top: 12px;"
                >
                  <a
                    class="styles__Link-sc-1usmi26-5 fKtgbW"
                    href="https://www.axios.com/2022/05/08/russia-sanctions-ukraine-victory-day"
                    rel="noopener noreferrer"
                    target="_blank"
                  >
                    <h3
                      class="styles__Headline-sc-1usmi26-1 iaRGWu"
                    >
                      Western allies unveil new Russia sanctions on V-E Day
                    </h3>
                  </a>
                </div>
                <div
                  class="styles__Footer-sc-1usmi26-4 inMTjq"
                  style="margin-top: 12px;"
                >
                  <p
                    class="styles__Date-sc-1usmi26-3 gOhYhq"
                    style="font-size: 12px;"
                  >
                    May 8, 2022
                     - Russian invasion of Ukraine
                  </p>
                </div>
              </article>
            </li>
            <li
              class="styles__Item-sc-1i6udep-2 cBNqvt"
              style="width: 0px;"
            >
              <article
                class="styles__Article-sc-1usmi26-0 cskEZU"
              >
                <a
                  aria-label="Abortion challenges Corporate America's political activism"
                  class="styles__Link-sc-1usmi26-5 fKtgbW"
                  href="https://www.axios.com/2022/05/04/abortion-corporate-america-political-activism"
                  rel="noopener noreferrer"
                  target="_blank"
                >
                  <div
                    style="display: block; overflow: hidden; position: relative; box-sizing: border-box; margin: 0px;"
                  >
                    <div
                      style="display: block; box-sizing: border-box; padding-top: 56.25%;"
                    />
                    <noscript />
                    <img
                      alt=""
                      data-nimg="true"
                      decoding="async"
                      draggable="false"
                      src="data:image/gif;base64,R0lGODlhAQABAIAAAAAAAP///yH5BAEAAAAALAAAAAABAAEAAAIBRAA7"
                      style="position: absolute; top: 0px; left: 0px; bottom: 0px; right: 0px; box-sizing: border-box; padding: 0px; margin: auto; display: block; width: 0px; height: 0px; min-width: 100%; max-width: 100%; min-height: 100%; max-height: 100%;"
                    />
                  </div>
                </a>
                <div
                  class="styles__Body-sc-1usmi26-6"
                  style="margin-top: 12px;"
                >
                  <a
                    class="styles__Link-sc-1usmi26-5 fKtgbW"
                    href="https://www.axios.com/2022/05/04/abortion-corporate-america-political-activism"
                    rel="noopener noreferrer"
                    target="_blank"
                  >
                    <h3
                      class="styles__Headline-sc-1usmi26-1 iaRGWu"
                    >
                      Abortion challenges Corporate America's political activism
                    </h3>
                  </a>
                </div>
                <div
                  class="styles__Footer-sc-1usmi26-4 inMTjq"
                  style="margin-top: 12px;"
                >
                  <p
                    class="styles__Date-sc-1usmi26-3 gOhYhq"
                    style="font-size: 12px;"
                  >
                    May 8, 2022
                     - Abortion
                  </p>
                </div>
              </article>
            </li>
            <li
              class="styles__Item-sc-1i6udep-2 cBNqvt"
              style="width: 0px;"
            >
              <article
                class="styles__Article-sc-1usmi26-0 cskEZU"
              >
                <a
                  aria-label="COVID-19 dashboard"
                  class="styles__Link-sc-1usmi26-5 fKtgbW"
                  href="https://www.axios.com/2020/03/15/coronavirus-latest-news-quick-highlights"
                  rel="noopener noreferrer"
                  target="_blank"
                >
                  <div
                    style="display: block; overflow: hidden; position: relative; box-sizing: border-box; margin: 0px;"
                  >
                    <div
                      style="display: block; box-sizing: border-box; padding-top: 56.25%;"
                    />
                    <noscript />
                    <img
                      alt="Illustration of a face mask lined at the top and bottom with caution tape."
                      data-nimg="true"
                      decoding="async"
                      draggable="false"
                      src="data:image/gif;base64,R0lGODlhAQABAIAAAAAAAP///yH5BAEAAAAALAAAAAABAAEAAAIBRAA7"
                      style="position: absolute; top: 0px; left: 0px; bottom: 0px; right: 0px; box-sizing: border-box; padding: 0px; margin: auto; display: block; width: 0px; height: 0px; min-width: 100%; max-width: 100%; min-height: 100%; max-height: 100%;"
                    />
                  </div>
                </a>
                <div
                  class="styles__Body-sc-1usmi26-6"
                  style="margin-top: 12px;"
                >
                  <a
                    class="styles__Link-sc-1usmi26-5 fKtgbW"
                    href="https://www.axios.com/2020/03/15/coronavirus-latest-news-quick-highlights"
                    rel="noopener noreferrer"
                    target="_blank"
                  >
                    <h3
                      class="styles__Headline-sc-1usmi26-1 iaRGWu"
                    >
                      COVID-19 dashboard
                    </h3>
                  </a>
                </div>
                <div
                  class="styles__Footer-sc-1usmi26-4 inMTjq"
                  style="margin-top: 12px;"
                >
                  <p
                    class="styles__Date-sc-1usmi26-3 gOhYhq"
                    style="font-size: 12px;"
                  >
                    May 7, 2022
                     - Coronavirus
                  </p>
                </div>
              </article>
            </li>
            <li
              class="styles__Item-sc-1i6udep-2 cBNqvt"
              style="width: 0px;"
            >
              <article
                class="styles__Article-sc-1usmi26-0 cskEZU"
              >
                <a
                  aria-label="Dashboard: Russian invasion of Ukraine"
                  class="styles__Link-sc-1usmi26-5 fKtgbW"
                  href="https://www.axios.com/2022/02/22/russia-ukraine-invasion-putin-live-updates"
                  rel="noopener noreferrer"
                  target="_blank"
                >
                  <div
                    style="display: block; overflow: hidden; position: relative; box-sizing: border-box; margin: 0px;"
                  >
                    <div
                      style="display: block; box-sizing: border-box; padding-top: 56.25%;"
                    />
                    <noscript />
                    <img
                      alt=""
                      data-nimg="true"
                      decoding="async"
                      draggable="false"
                      src="data:image/gif;base64,R0lGODlhAQABAIAAAAAAAP///yH5BAEAAAAALAAAAAABAAEAAAIBRAA7"
                      style="position: absolute; top: 0px; left: 0px; bottom: 0px; right: 0px; box-sizing: border-box; padding: 0px; margin: auto; display: block; width: 0px; height: 0px; min-width: 100%; max-width: 100%; min-height: 100%; max-height: 100%;"
                    />
                  </div>
                </a>
                <div
                  class="styles__Body-sc-1usmi26-6"
                  style="margin-top: 12px;"
                >
                  <a
                    class="styles__Link-sc-1usmi26-5 fKtgbW"
                    href="https://www.axios.com/2022/02/22/russia-ukraine-invasion-putin-live-updates"
                    rel="noopener noreferrer"
                    target="_blank"
                  >
                    <h3
                      class="styles__Headline-sc-1usmi26-1 iaRGWu"
                    >
                      Dashboard: Russian invasion of Ukraine
                    </h3>
                  </a>
                </div>
                <div
                  class="styles__Footer-sc-1usmi26-4 inMTjq"
                  style="margin-top: 12px;"
                >
                  <p
                    class="styles__Date-sc-1usmi26-3 gOhYhq"
                    style="font-size: 12px;"
                  >
                    May 8, 2022
                     - Russian invasion of Ukraine
                  </p>
                </div>
              </article>
            </li>
            <li
              class="styles__Item-sc-1i6udep-2 cBNqvt"
              style="width: 0px;"
            >
              <article
                class="styles__Article-sc-1usmi26-0 cskEZU"
              >
                <a
                  aria-label="U.S. diplomats temporarily return to Kyiv"
                  class="styles__Link-sc-1usmi26-5 fKtgbW"
                  href="https://www.axios.com/2022/05/08/us-diplomats-return-kyiv"
                  rel="noopener noreferrer"
                  target="_blank"
                >
                  <div
                    style="display: block; overflow: hidden; position: relative; box-sizing: border-box; margin: 0px;"
                  >
                    <div
                      style="display: block; box-sizing: border-box; padding-top: 56.25%;"
                    />
                    <noscript />
                    <img
                      alt=""
                      data-nimg="true"
                      decoding="async"
                      draggable="false"
                      src="data:image/gif;base64,R0lGODlhAQABAIAAAAAAAP///yH5BAEAAAAALAAAAAABAAEAAAIBRAA7"
                      style="position: absolute; top: 0px; left: 0px; bottom: 0px; right: 0px; box-sizing: border-box; padding: 0px; margin: auto; display: block; width: 0px; height: 0px; min-width: 100%; max-width: 100%; min-height: 100%; max-height: 100%;"
                    />
                  </div>
                </a>
                <div
                  class="styles__Body-sc-1usmi26-6"
                  style="margin-top: 12px;"
                >
                  <a
                    class="styles__Link-sc-1usmi26-5 fKtgbW"
                    href="https://www.axios.com/2022/05/08/us-diplomats-return-kyiv"
                    rel="noopener noreferrer"
                    target="_blank"
                  >
                    <h3
                      class="styles__Headline-sc-1usmi26-1 iaRGWu"
                    >
                      U.S. diplomats temporarily return to Kyiv
                    </h3>
                  </a>
                </div>
                <div
                  class="styles__Footer-sc-1usmi26-4 inMTjq"
                  style="margin-top: 12px;"
                >
                  <p
                    class="styles__Date-sc-1usmi26-3 gOhYhq"
                    style="font-size: 12px;"
                  >
                    May 8, 2022
                     - Russian invasion of Ukraine
                  </p>
                </div>
              </article>
            </li>
          </ul>
        </div>
      </div>
      <div
        class="layout__Footer-sc-dk2r91-5 kNtxGi"
      >
        <ol
          class="styles__IndicatorList-sc-1i6udep-3 jbDMce"
        >
          <li>
            <button
              aria-label="page 1"
              aria-selected="true"
              class="dotButton__Button-sc-1yvic4q-0 gRgdjp"
            >
              <div
                class="dotButton__Icon-sc-1yvic4q-1 dSDUAC"
              />
            </button>
          </li>
          <li>
            <button
              aria-label="page 2"
              aria-selected="false"
              class="dotButton__Button-sc-1yvic4q-0 gRgdjp"
            >
              <div
                class="dotButton__Icon-sc-1yvic4q-1 fsUmOf"
              />
            </button>
          </li>
          <li>
            <button
              aria-label="page 3"
              aria-selected="false"
              class="dotButton__Button-sc-1yvic4q-0 gRgdjp"
            >
              <div
                class="dotButton__Icon-sc-1yvic4q-1 fsUmOf"
              />
            </button>
          </li>
          <li>
            <button
              aria-label="page 4"
              aria-selected="false"
              class="dotButton__Button-sc-1yvic4q-0 gRgdjp"
            >
              <div
                class="dotButton__Icon-sc-1yvic4q-1 fsUmOf"
              />
            </button>
          </li>
          <li>
            <button
              aria-label="page 5"
              aria-selected="false"
              class="dotButton__Button-sc-1yvic4q-0 gRgdjp"
            >
              <div
                class="dotButton__Icon-sc-1yvic4q-1 fsUmOf"
              />
            </button>
          </li>
          <li>
            <button
              aria-label="page 6"
              aria-selected="false"
              class="dotButton__Button-sc-1yvic4q-0 gRgdjp"
            >
              <div
                class="dotButton__Icon-sc-1yvic4q-1 fsUmOf"
              />
            </button>
          </li>
          <li>
            <button
              aria-label="page 7"
              aria-selected="false"
              class="dotButton__Button-sc-1yvic4q-0 gRgdjp"
            >
              <div
                class="dotButton__Icon-sc-1yvic4q-1 fsUmOf"
              />
            </button>
          </li>
          <li>
            <button
              aria-label="page 8"
              aria-selected="false"
              class="dotButton__Button-sc-1yvic4q-0 gRgdjp"
            >
              <div
                class="dotButton__Icon-sc-1yvic4q-1 fsUmOf"
              />
            </button>
          </li>
          <li>
            <button
              aria-label="page 9"
              aria-selected="false"
              class="dotButton__Button-sc-1yvic4q-0 gRgdjp"
            >
              <div
                class="dotButton__Icon-sc-1yvic4q-1 fsUmOf"
              />
            </button>
          </li>
        </ol>
        <a
          aria-label="Visit axios.com"
          class="arrowLink__Link-sc-12nvdh3-0 iJFRdI"
          color="white"
          href="https://www.axios.com"
          rel="noopener noreferrer"
          style="background: rgb(34, 87, 218); padding: 11px 17px; border-radius: 6px;"
          target="_blank"
        >
          Visit axios.com
          <svg
            fill="none"
            height="9"
            style="margin-left: 12px;"
            viewBox="0 0 25 9"
            width="25"
            xmlns="http://www.w3.org/2000/svg"
          >
            <path
              d="M24.3536 4.85355C24.5488 4.65829 24.5488 4.34171 24.3536 4.14645L21.1716 0.964466C20.9763 0.769204 20.6597 0.769204 20.4645 0.964466C20.2692 1.15973 20.2692 1.47631 20.4645 1.67157L23.2929 4.5L20.4645 7.32843C20.2692 7.52369 20.2692 7.84027 20.4645 8.03553C20.6597 8.2308 20.9763 8.2308 21.1716 8.03553L24.3536 4.85355ZM0 5H24V4H0V5Z"
              fill="white"
            />
          </svg>
        </a>
      </div>
    </section>
  </div>,
  "debug": [Function],
  "findAllByAltText": [Function],
  "findAllByDisplayValue": [Function],
  "findAllByLabelText": [Function],
  "findAllByPlaceholderText": [Function],
  "findAllByRole": [Function],
  "findAllByTestId": [Function],
  "findAllByText": [Function],
  "findAllByTitle": [Function],
  "findByAltText": [Function],
  "findByDisplayValue": [Function],
  "findByLabelText": [Function],
  "findByPlaceholderText": [Function],
  "findByRole": [Function],
  "findByTestId": [Function],
  "findByText": [Function],
  "findByTitle": [Function],
  "getAllByAltText": [Function],
  "getAllByDisplayValue": [Function],
  "getAllByLabelText": [Function],
  "getAllByPlaceholderText": [Function],
  "getAllByRole": [Function],
  "getAllByTestId": [Function],
  "getAllByText": [Function],
  "getAllByTitle": [Function],
  "getByAltText": [Function],
  "getByDisplayValue": [Function],
  "getByLabelText": [Function],
  "getByPlaceholderText": [Function],
  "getByRole": [Function],
  "getByTestId": [Function],
  "getByText": [Function],
  "getByTitle": [Function],
  "queryAllByAltText": [Function],
  "queryAllByDisplayValue": [Function],
  "queryAllByLabelText": [Function],
  "queryAllByPlaceholderText": [Function],
  "queryAllByRole": [Function],
  "queryAllByTestId": [Function],
  "queryAllByText": [Function],
  "queryAllByTitle": [Function],
  "queryByAltText": [Function],
  "queryByDisplayValue": [Function],
  "queryByLabelText": [Function],
  "queryByPlaceholderText": [Function],
  "queryByRole": [Function],
  "queryByTestId": [Function],
  "queryByText": [Function],
  "queryByTitle": [Function],
  "rerender": [Function],
  "unmount": [Function],
}
`;
